============================= test session starts =============================
platform win32 -- Python 3.14.2, pytest-9.0.2, pluggy-1.6.0 -- C:\Users\Hero\Documents\Dev\fastapi-auth-service\.venv\Scripts\python.exe
cachedir: .pytest_cache
rootdir: C:\Users\Hero\Documents\Dev\fastapi-auth-service
configfile: pytest.ini
plugins: anyio-4.12.1, asyncio-1.3.0
asyncio: mode=Mode.AUTO, debug=False, asyncio_default_fixture_loop_scope=None, asyncio_default_test_loop_scope=function
collecting ... collected 1 item

tests/test_concurrency.py::test_register_race_condition {"timestamp": "2026-02-15 07:54:57,280", "level": "ERROR", "name": "src.auth.services", "request_id": "c47ea8bc-fddb-48cc-a398-1f94d6a1fd0e", "message": "Database integrity error during registration\nTraceback (most recent call last):\n  File \"C:\\Users\\Hero\\Documents\\Dev\\fastapi-auth-service\\.venv\\Lib\\site-packages\\sqlalchemy\\engine\\base.py\", line 1967, in _exec_single_context\n    self.dialect.do_execute(\n    ~~~~~~~~~~~~~~~~~~~~~~~^\n        cursor, str_statement, effective_parameters, context\n        ^^^^^^^^^^^^^^^^^^^^^^^^^^^^^^^^^^^^^^^^^^^^^^^^^^^^\n    )\n    ^\n  File \"C:\\Users\\Hero\\Documents\\Dev\\fastapi-auth-service\\.venv\\Lib\\site-packages\\sqlalchemy\\engine\\default.py\", line 952, in do_execute\n    cursor.execute(statement, parameters)\n    ~~~~~~~~~~~~~~^^^^^^^^^^^^^^^^^^^^^^^\n  File \"C:\\Users\\Hero\\Documents\\Dev\\fastapi-auth-service\\.venv\\Lib\\site-packages\\sqlalchemy\\dialects\\sqlite\\aiosqlite.py\", line 182, in execute\n    self._adapt_connection._handle_exception(error)\n    ~~~~~~~~~~~~~~~~~~~~~~~~~~~~~~~~~~~~~~~~^^^^^^^\n  File \"C:\\Users\\Hero\\Documents\\Dev\\fastapi-auth-service\\.venv\\Lib\\site-packages\\sqlalchemy\\dialects\\sqlite\\aiosqlite.py\", line 342, in _handle_exception\n    raise error\n  File \"C:\\Users\\Hero\\Documents\\Dev\\fastapi-auth-service\\.venv\\Lib\\site-packages\\sqlalchemy\\dialects\\sqlite\\aiosqlite.py\", line 164, in execute\n    self.await_(_cursor.execute(operation, parameters))\n    ~~~~~~~~~~~^^^^^^^^^^^^^^^^^^^^^^^^^^^^^^^^^^^^^^^^\n  File \"C:\\Users\\Hero\\Documents\\Dev\\fastapi-auth-service\\.venv\\Lib\\site-packages\\sqlalchemy\\util\\_concurrency_py3k.py\", line 132, in await_only\n    return current.parent.switch(awaitable)  # type: ignore[no-any-return,attr-defined] # noqa: E501\n           ~~~~~~~~~~~~~~~~~~~~~^^^^^^^^^^^\n  File \"C:\\Users\\Hero\\Documents\\Dev\\fastapi-auth-service\\.venv\\Lib\\site-packages\\sqlalchemy\\util\\_concurrency_py3k.py\", line 196, in greenlet_spawn\n    value = await result\n            ^^^^^^^^^^^^\n  File \"C:\\Users\\Hero\\Documents\\Dev\\fastapi-auth-service\\.venv\\Lib\\site-packages\\aiosqlite\\cursor.py\", line 40, in execute\n    await self._execute(self._cursor.execute, sql, parameters)\n  File \"C:\\Users\\Hero\\Documents\\Dev\\fastapi-auth-service\\.venv\\Lib\\site-packages\\aiosqlite\\cursor.py\", line 32, in _execute\n    return await self._conn._execute(fn, *args, **kwargs)\n           ^^^^^^^^^^^^^^^^^^^^^^^^^^^^^^^^^^^^^^^^^^^^^^\n  File \"C:\\Users\\Hero\\Documents\\Dev\\fastapi-auth-service\\.venv\\Lib\\site-packages\\aiosqlite\\core.py\", line 160, in _execute\n    return await future\n           ^^^^^^^^^^^^\n  File \"C:\\Users\\Hero\\Documents\\Dev\\fastapi-auth-service\\.venv\\Lib\\site-packages\\aiosqlite\\core.py\", line 63, in _connection_worker_thread\n    result = function()\nsqlite3.IntegrityError: UNIQUE constraint failed: user.email\n\nThe above exception was the direct cause of the following exception:\n\nTraceback (most recent call last):\n  File \"C:\\Users\\Hero\\Documents\\Dev\\fastapi-auth-service\\src\\auth\\services.py\", line 104, in register\n    await session.commit()\n  File \"C:\\Users\\Hero\\Documents\\Dev\\fastapi-auth-service\\.venv\\Lib\\site-packages\\sqlalchemy\\ext\\asyncio\\session.py\", line 1000, in commit\n    await greenlet_spawn(self.sync_session.commit)\n  File \"C:\\Users\\Hero\\Documents\\Dev\\fastapi-auth-service\\.venv\\Lib\\site-packages\\sqlalchemy\\util\\_concurrency_py3k.py\", line 203, in greenlet_spawn\n    result = context.switch(value)\n  File \"C:\\Users\\Hero\\Documents\\Dev\\fastapi-auth-service\\.venv\\Lib\\site-packages\\sqlalchemy\\orm\\session.py\", line 2030, in commit\n    trans.commit(_to_root=True)\n    ~~~~~~~~~~~~^^^^^^^^^^^^^^^\n  File \"<string>\", line 2, in commit\n  File \"C:\\Users\\Hero\\Documents\\Dev\\fastapi-auth-service\\.venv\\Lib\\site-packages\\sqlalchemy\\orm\\state_changes.py\", line 137, in _go\n    ret_value = fn(self, *arg, **kw)\n  File \"C:\\Users\\Hero\\Documents\\Dev\\fastapi-auth-service\\.venv\\Lib\\site-packages\\sqlalchemy\\orm\\session.py\", line 1311, in commit\n    self._prepare_impl()\n    ~~~~~~~~~~~~~~~~~~^^\n  File \"<string>\", line 2, in _prepare_impl\n  File \"C:\\Users\\Hero\\Documents\\Dev\\fastapi-auth-service\\.venv\\Lib\\site-packages\\sqlalchemy\\orm\\state_changes.py\", line 137, in _go\n    ret_value = fn(self, *arg, **kw)\n  File \"C:\\Users\\Hero\\Documents\\Dev\\fastapi-auth-service\\.venv\\Lib\\site-packages\\sqlalchemy\\orm\\session.py\", line 1286, in _prepare_impl\n    self.session.flush()\n    ~~~~~~~~~~~~~~~~~~^^\n  File \"C:\\Users\\Hero\\Documents\\Dev\\fastapi-auth-service\\.venv\\Lib\\site-packages\\sqlalchemy\\orm\\session.py\", line 4331, in flush\n    self._flush(objects)\n    ~~~~~~~~~~~^^^^^^^^^\n  File \"C:\\Users\\Hero\\Documents\\Dev\\fastapi-auth-service\\.venv\\Lib\\site-packages\\sqlalchemy\\orm\\session.py\", line 4466, in _flush\n    with util.safe_reraise():\n         ~~~~~~~~~~~~~~~~~^^\n  File \"C:\\Users\\Hero\\Documents\\Dev\\fastapi-auth-service\\.venv\\Lib\\site-packages\\sqlalchemy\\util\\langhelpers.py\", line 224, in __exit__\n    raise exc_value.with_traceback(exc_tb)\n  File \"C:\\Users\\Hero\\Documents\\Dev\\fastapi-auth-service\\.venv\\Lib\\site-packages\\sqlalchemy\\orm\\session.py\", line 4427, in _flush\n    flush_context.execute()\n    ~~~~~~~~~~~~~~~~~~~~~^^\n  File \"C:\\Users\\Hero\\Documents\\Dev\\fastapi-auth-service\\.venv\\Lib\\site-packages\\sqlalchemy\\orm\\unitofwork.py\", line 466, in execute\n    rec.execute(self)\n    ~~~~~~~~~~~^^^^^^\n  File \"C:\\Users\\Hero\\Documents\\Dev\\fastapi-auth-service\\.venv\\Lib\\site-packages\\sqlalchemy\\orm\\unitofwork.py\", line 642, in execute\n    util.preloaded.orm_persistence.save_obj(\n    ~~~~~~~~~~~~~~~~~~~~~~~~~~~~~~~~~~~~~~~^\n        self.mapper,\n        ^^^^^^^^^^^^\n        uow.states_for_mapper_hierarchy(self.mapper, False, False),\n        ^^^^^^^^^^^^^^^^^^^^^^^^^^^^^^^^^^^^^^^^^^^^^^^^^^^^^^^^^^^\n        uow,\n        ^^^^\n    )\n    ^\n  File \"C:\\Users\\Hero\\Documents\\Dev\\fastapi-auth-service\\.venv\\Lib\\site-packages\\sqlalchemy\\orm\\persistence.py\", line 93, in save_obj\n    _emit_insert_statements(\n    ~~~~~~~~~~~~~~~~~~~~~~~^\n        base_mapper,\n        ^^^^^^^^^^^^\n    ...<3 lines>...\n        insert,\n        ^^^^^^^\n    )\n    ^\n  File \"C:\\Users\\Hero\\Documents\\Dev\\fastapi-auth-service\\.venv\\Lib\\site-packages\\sqlalchemy\\orm\\persistence.py\", line 1048, in _emit_insert_statements\n    result = connection.execute(\n        statement, multiparams, execution_options=execution_options\n    )\n  File \"C:\\Users\\Hero\\Documents\\Dev\\fastapi-auth-service\\.venv\\Lib\\site-packages\\sqlalchemy\\engine\\base.py\", line 1419, in execute\n    return meth(\n        self,\n        distilled_parameters,\n        execution_options or NO_OPTIONS,\n    )\n  File \"C:\\Users\\Hero\\Documents\\Dev\\fastapi-auth-service\\.venv\\Lib\\site-packages\\sqlalchemy\\sql\\elements.py\", line 527, in _execute_on_connection\n    return connection._execute_clauseelement(\n           ~~~~~~~~~~~~~~~~~~~~~~~~~~~~~~~~~^\n        self, distilled_params, execution_options\n        ^^^^^^^^^^^^^^^^^^^^^^^^^^^^^^^^^^^^^^^^^\n    )\n    ^\n  File \"C:\\Users\\Hero\\Documents\\Dev\\fastapi-auth-service\\.venv\\Lib\\site-packages\\sqlalchemy\\engine\\base.py\", line 1641, in _execute_clauseelement\n    ret = self._execute_context(\n        dialect,\n    ...<8 lines>...\n        cache_hit=cache_hit,\n    )\n  File \"C:\\Users\\Hero\\Documents\\Dev\\fastapi-auth-service\\.venv\\Lib\\site-packages\\sqlalchemy\\engine\\base.py\", line 1846, in _execute_context\n    return self._exec_single_context(\n           ~~~~~~~~~~~~~~~~~~~~~~~~~^\n        dialect, context, statement, parameters\n        ^^^^^^^^^^^^^^^^^^^^^^^^^^^^^^^^^^^^^^^\n    )\n    ^\n  File \"C:\\Users\\Hero\\Documents\\Dev\\fastapi-auth-service\\.venv\\Lib\\site-packages\\sqlalchemy\\engine\\base.py\", line 1986, in _exec_single_context\n    self._handle_dbapi_exception(\n    ~~~~~~~~~~~~~~~~~~~~~~~~~~~~^\n        e, str_statement, effective_parameters, cursor, context\n        ^^^^^^^^^^^^^^^^^^^^^^^^^^^^^^^^^^^^^^^^^^^^^^^^^^^^^^^\n    )\n    ^\n  File \"C:\\Users\\Hero\\Documents\\Dev\\fastapi-auth-service\\.venv\\Lib\\site-packages\\sqlalchemy\\engine\\base.py\", line 2363, in _handle_dbapi_exception\n    raise sqlalchemy_exception.with_traceback(exc_info[2]) from e\n  File \"C:\\Users\\Hero\\Documents\\Dev\\fastapi-auth-service\\.venv\\Lib\\site-packages\\sqlalchemy\\engine\\base.py\", line 1967, in _exec_single_context\n    self.dialect.do_execute(\n    ~~~~~~~~~~~~~~~~~~~~~~~^\n        cursor, str_statement, effective_parameters, context\n        ^^^^^^^^^^^^^^^^^^^^^^^^^^^^^^^^^^^^^^^^^^^^^^^^^^^^\n    )\n    ^\n  File \"C:\\Users\\Hero\\Documents\\Dev\\fastapi-auth-service\\.venv\\Lib\\site-packages\\sqlalchemy\\engine\\default.py\", line 952, in do_execute\n    cursor.execute(statement, parameters)\n    ~~~~~~~~~~~~~~^^^^^^^^^^^^^^^^^^^^^^^\n  File \"C:\\Users\\Hero\\Documents\\Dev\\fastapi-auth-service\\.venv\\Lib\\site-packages\\sqlalchemy\\dialects\\sqlite\\aiosqlite.py\", line 182, in execute\n    self._adapt_connection._handle_exception(error)\n    ~~~~~~~~~~~~~~~~~~~~~~~~~~~~~~~~~~~~~~~~^^^^^^^\n  File \"C:\\Users\\Hero\\Documents\\Dev\\fastapi-auth-service\\.venv\\Lib\\site-packages\\sqlalchemy\\dialects\\sqlite\\aiosqlite.py\", line 342, in _handle_exception\n    raise error\n  File \"C:\\Users\\Hero\\Documents\\Dev\\fastapi-auth-service\\.venv\\Lib\\site-packages\\sqlalchemy\\dialects\\sqlite\\aiosqlite.py\", line 164, in execute\n    self.await_(_cursor.execute(operation, parameters))\n    ~~~~~~~~~~~^^^^^^^^^^^^^^^^^^^^^^^^^^^^^^^^^^^^^^^^\n  File \"C:\\Users\\Hero\\Documents\\Dev\\fastapi-auth-service\\.venv\\Lib\\site-packages\\sqlalchemy\\util\\_concurrency_py3k.py\", line 132, in await_only\n    return current.parent.switch(awaitable)  # type: ignore[no-any-return,attr-defined] # noqa: E501\n           ~~~~~~~~~~~~~~~~~~~~~^^^^^^^^^^^\n  File \"C:\\Users\\Hero\\Documents\\Dev\\fastapi-auth-service\\.venv\\Lib\\site-packages\\sqlalchemy\\util\\_concurrency_py3k.py\", line 196, in greenlet_spawn\n    value = await result\n            ^^^^^^^^^^^^\n  File \"C:\\Users\\Hero\\Documents\\Dev\\fastapi-auth-service\\.venv\\Lib\\site-packages\\aiosqlite\\cursor.py\", line 40, in execute\n    await self._execute(self._cursor.execute, sql, parameters)\n  File \"C:\\Users\\Hero\\Documents\\Dev\\fastapi-auth-service\\.venv\\Lib\\site-packages\\aiosqlite\\cursor.py\", line 32, in _execute\n    return await self._conn._execute(fn, *args, **kwargs)\n           ^^^^^^^^^^^^^^^^^^^^^^^^^^^^^^^^^^^^^^^^^^^^^^\n  File \"C:\\Users\\Hero\\Documents\\Dev\\fastapi-auth-service\\.venv\\Lib\\site-packages\\aiosqlite\\core.py\", line 160, in _execute\n    return await future\n           ^^^^^^^^^^^^\n  File \"C:\\Users\\Hero\\Documents\\Dev\\fastapi-auth-service\\.venv\\Lib\\site-packages\\aiosqlite\\core.py\", line 63, in _connection_worker_thread\n    result = function()\nsqlalchemy.exc.IntegrityError: (sqlite3.IntegrityError) UNIQUE constraint failed: user.email\n[SQL: INSERT INTO user (id, full_name, email, hashed_password, role, is_active, created_at, updated_at, last_login, failed_login_attempts, locked_until) VALUES (?, ?, ?, ?, ?, ?, ?, ?, ?, ?, ?)]\n[parameters: ('964d8333-28eb-4c6b-9d86-1ef6bc28156e', 'Concurrent User', 'concurrent_cd0e8279-f948-4507-b431-8c191df0b273@test.com', '$argon2id$v=19$m=65536,t=3,p=4$iK6nD9ehOUCwD8wAjS61jw$WMlfNMKA8dS6Nxo5qXCCZamJJBhGXVqew8U7ux8giYI', 'USER', 1, '2026-02-15 02:24:57.271303', '2026-02-15 02:24:57.271323', None, 0, None)]\n(Background on this error at: https://sqlalche.me/e/20/gkpj)"}
{"timestamp": "2026-02-15 07:54:57,297", "level": "ERROR", "name": "src.auth.services", "request_id": "66ad68a5-a021-42d0-8947-ab72d1e4d71a", "message": "Database error during user creation\nTraceback (most recent call last):\n  File \"C:\\Users\\Hero\\Documents\\Dev\\fastapi-auth-service\\src\\auth\\services.py\", line 105, in register\n    await session.refresh(user)\n  File \"C:\\Users\\Hero\\Documents\\Dev\\fastapi-auth-service\\.venv\\Lib\\site-packages\\sqlalchemy\\ext\\asyncio\\session.py\", line 329, in refresh\n    await greenlet_spawn(\n    ...<4 lines>...\n    )\n  File \"C:\\Users\\Hero\\Documents\\Dev\\fastapi-auth-service\\.venv\\Lib\\site-packages\\sqlalchemy\\util\\_concurrency_py3k.py\", line 203, in greenlet_spawn\n    result = context.switch(value)\n  File \"C:\\Users\\Hero\\Documents\\Dev\\fastapi-auth-service\\.venv\\Lib\\site-packages\\sqlalchemy\\orm\\session.py\", line 3170, in refresh\n    raise sa_exc.InvalidRequestError(\n        \"Could not refresh instance '%s'\" % instance_str(instance)\n    )\nsqlalchemy.exc.InvalidRequestError: Could not refresh instance '<User at 0x1196ed54310>'"}
Status codes: [503, 503]
FAILED

================================== FAILURES ===================================
________________________ test_register_race_condition _________________________

client = <httpx.AsyncClient object at 0x000001196ECD2900>

    @pytest.mark.asyncio
    async def test_register_race_condition(client: AsyncClient):
        """
        Simulate two concurrent registration requests for the same email.
        One should succeed (200), the other should fail (400) handling the integrity error.
        """
        async def register():
            return await client.post(f"{BASE}/register", json=VALID_USER)
    
        # Run two requests concurrently
        responses = await asyncio.gather(register(), register())
    
        status_codes = [r.status_code for r in responses]
        print(f"Status codes: {status_codes}")
>       assert 200 in status_codes
E       assert 200 in [503, 503]

tests\test_concurrency.py:28: AssertionError
============================== warnings summary ===============================
.venv\Lib\site-packages\pythonjsonlogger\jsonlogger.py:11
  C:\Users\Hero\Documents\Dev\fastapi-auth-service\.venv\Lib\site-packages\pythonjsonlogger\jsonlogger.py:11: DeprecationWarning: pythonjsonlogger.jsonlogger has been moved to pythonjsonlogger.json
    warnings.warn(

.venv\Lib\site-packages\slowapi\extension.py:717
.venv\Lib\site-packages\slowapi\extension.py:717
  C:\Users\Hero\Documents\Dev\fastapi-auth-service\.venv\Lib\site-packages\slowapi\extension.py:717: DeprecationWarning: 'asyncio.iscoroutinefunction' is deprecated and slated for removal in Python 3.16; use inspect.iscoroutinefunction() instead
    if asyncio.iscoroutinefunction(func):

-- Docs: https://docs.pytest.org/en/stable/how-to/capture-warnings.html
=========================== short test summary info ===========================
FAILED tests/test_concurrency.py::test_register_race_condition - assert 200 in [503, 503]
======================== 1 failed, 3 warnings in 0.46s ========================
